root(
  comment([if IE]
    interpolated(text(foo))
  )
  interpolated(text(bar))
  tag(div
    attr(text(id)text(id))
    comment([if [f[o]o]]
      interpolated(text(baz))
    )
  )
  comment(text([if z]a []))
)
