<x $foo="a <?php echo ( htmlspecialchars($b,ENT_QUOTES,UTF-8)) ;?><?php echo ( htmlspecialchars($c + $d,ENT_QUOTES,UTF-8)) ;?>" $bar="<?php echo ( htmlspecialchars(1,ENT_QUOTES,UTF-8)) ;?>"></x>
