<p foo="bar" <?php echo htmlspecialchars(test,ENT_QUOTES,'UTF-8'); ?>></p>
<p <?php echo htmlspecialchars(test,ENT_QUOTES,'UTF-8'); ?> foo="bar"></p>
<p <?php echo htmlspecialchars(test,ENT_QUOTES,'UTF-8'); ?>></p>
<p bar="baz" <?php echo htmlspecialchars(test,ENT_QUOTES,'UTF-8'); ?> foo="bar"></p>
<p bar="baz" <?php echo ( htmlspecialchars(test,ENT_QUOTES,"UTF-8")) ;?> class="abc <?php echo ( htmlspecialchars(def,ENT_QUOTES,"UTF-8")) ;?>"></p>
<p foo="bar" <?php echo htmlspecialchars(test,ENT_QUOTES,'UTF-8'); ?>></p>
<p <?php echo htmlspecialchars(test,ENT_QUOTES,'UTF-8'); ?> foo="bar"></p>
<p <?php echo htmlspecialchars(test,ENT_QUOTES,'UTF-8'); ?>></p>
<p bar="baz" <?php echo htmlspecialchars(test,ENT_QUOTES,'UTF-8'); ?> foo="bar"></p>
<p bar="baz" <?php echo ( htmlspecialchars(test,ENT_QUOTES,"UTF-8")) ;?> class="abc <?php echo ( htmlspecialchars(def,ENT_QUOTES,"UTF-8")) ;?>"></p>
