============ OTHER =====MtHaml\Node\ObjectRefClass ========
MtHaml\Node\ObjectRefClass Object
(
    [object:protected] => MtHaml\Node\Insert Object
        (
            [content:protected] => $a
            [escaping:MtHaml\Node\EscapableAbstract:private] => 
            [position:MtHaml\Node\NodeAbstract:private] => Array
                (
                    [lineno] => 1
                    [column] => 0
                )

            [parent:MtHaml\Node\NodeAbstract:private] => 
            [nextSibling:MtHaml\Node\NodeAbstract:private] => 
            [previousSibling:MtHaml\Node\NodeAbstract:private] => 
        )

    [prefix:protected] => 
    [position:MtHaml\Node\NodeAbstract:private] => Array
        (
            [lineno] => 1
            [column] => 0
        )

    [parent:MtHaml\Node\NodeAbstract:private] => 
    [nextSibling:MtHaml\Node\NodeAbstract:private] => 
    [previousSibling:MtHaml\Node\NodeAbstract:private] => 
)
!!!object_ref_class!!!

============ OTHER =====MtHaml\Node\ObjectRefId ========
MtHaml\Node\ObjectRefId Object
(
    [object:protected] => MtHaml\Node\Insert Object
        (
            [content:protected] => $a
            [escaping:MtHaml\Node\EscapableAbstract:private] => 
            [position:MtHaml\Node\NodeAbstract:private] => Array
                (
                    [lineno] => 1
                    [column] => 0
                )

            [parent:MtHaml\Node\NodeAbstract:private] => 
            [nextSibling:MtHaml\Node\NodeAbstract:private] => 
            [previousSibling:MtHaml\Node\NodeAbstract:private] => 
        )

    [prefix:protected] => 
    [position:MtHaml\Node\NodeAbstract:private] => Array
        (
            [lineno] => 1
            [column] => 0
        )

    [parent:MtHaml\Node\NodeAbstract:private] => 
    [nextSibling:MtHaml\Node\NodeAbstract:private] => 
    [previousSibling:MtHaml\Node\NodeAbstract:private] => 
)
!!!object_ref_id!!!

============ OTHER =====MtHaml\Node\ObjectRefClass ========
MtHaml\Node\ObjectRefClass Object
(
    [object:protected] => MtHaml\Node\Insert Object
        (
            [content:protected] => $a
            [escaping:MtHaml\Node\EscapableAbstract:private] => 
            [position:MtHaml\Node\NodeAbstract:private] => Array
                (
                    [lineno] => 2
                    [column] => 0
                )

            [parent:MtHaml\Node\NodeAbstract:private] => 
            [nextSibling:MtHaml\Node\NodeAbstract:private] => 
            [previousSibling:MtHaml\Node\NodeAbstract:private] => 
        )

    [prefix:protected] => MtHaml\Node\Insert Object
        (
            [content:protected] => "b"
            [escaping:MtHaml\Node\EscapableAbstract:private] => 
            [position:MtHaml\Node\NodeAbstract:private] => Array
                (
                    [lineno] => 2
                    [column] => 0
                )

            [parent:MtHaml\Node\NodeAbstract:private] => 
            [nextSibling:MtHaml\Node\NodeAbstract:private] => 
            [previousSibling:MtHaml\Node\NodeAbstract:private] => 
        )

    [position:MtHaml\Node\NodeAbstract:private] => Array
        (
            [lineno] => 2
            [column] => 0
        )

    [parent:MtHaml\Node\NodeAbstract:private] => 
    [nextSibling:MtHaml\Node\NodeAbstract:private] => 
    [previousSibling:MtHaml\Node\NodeAbstract:private] => 
)
!!!object_ref_class!!!

============ OTHER =====MtHaml\Node\ObjectRefId ========
MtHaml\Node\ObjectRefId Object
(
    [object:protected] => MtHaml\Node\Insert Object
        (
            [content:protected] => $a
            [escaping:MtHaml\Node\EscapableAbstract:private] => 
            [position:MtHaml\Node\NodeAbstract:private] => Array
                (
                    [lineno] => 2
                    [column] => 0
                )

            [parent:MtHaml\Node\NodeAbstract:private] => 
            [nextSibling:MtHaml\Node\NodeAbstract:private] => 
            [previousSibling:MtHaml\Node\NodeAbstract:private] => 
        )

    [prefix:protected] => MtHaml\Node\Insert Object
        (
            [content:protected] => "b"
            [escaping:MtHaml\Node\EscapableAbstract:private] => 
            [position:MtHaml\Node\NodeAbstract:private] => Array
                (
                    [lineno] => 2
                    [column] => 0
                )

            [parent:MtHaml\Node\NodeAbstract:private] => 
            [nextSibling:MtHaml\Node\NodeAbstract:private] => 
            [previousSibling:MtHaml\Node\NodeAbstract:private] => 
        )

    [position:MtHaml\Node\NodeAbstract:private] => Array
        (
            [lineno] => 2
            [column] => 0
        )

    [parent:MtHaml\Node\NodeAbstract:private] => 
    [nextSibling:MtHaml\Node\NodeAbstract:private] => 
    [previousSibling:MtHaml\Node\NodeAbstract:private] => 
)
!!!object_ref_id!!!

<p></p>
<p></p>
<p></p>
